// Jest Snapshot v1, https://goo.gl/fbAQLP

exports[`<WeatherInformation /> Should render and match snapshot 1`] = `
<ul>
  <li
    className="border-b border-panel-info p-2"
  >
    <WeatherLabel
      label="Temperature"
      unit="°C"
      value={1}
    />
  </li>
  <li
    className="border-b border-panel-info p-2"
  >
    <WeatherLabel
      label="Humidity"
      value={0}
    />
  </li>
  <li
    className="border-b border-panel-info p-2"
  >
    <WeatherLabel
      label="Wind"
      unit="m/s nordøst"
      value={2}
    />
  </li>
</ul>
`;
